C51 COMPILER V9.60.7.0   MAIN                                                              10/08/2025 20:53:03 PAGE 1   


C51 COMPILER V9.60.7.0, COMPILATION OF MODULE MAIN
OBJECT MODULE PLACED IN .\Objects\main.obj
COMPILER INVOKED BY: B:\keil5\C51\BIN\C51.EXE main.c OPTIMIZE(8,SPEED) BROWSE DEBUG OBJECTEXTEND PRINT(.\Listings\main.l
                    -st) TABS(2) OBJECT(.\Objects\main.obj)

line level    source

   1          #include <REGX52.H>
   2          #include "delay.h"
   3          #include "matrixled.h"
   4          
   5          unsigned char code animation[] =  //HELLO ！！
   6          {
   7          0x00,0x00,0x00,0x00,0x00,0x00,0x00,0x00,    
   8          0xFF,0x10,0x10,0x10,0xFF,0x00,0x0E,0x15,
   9          0x15,0x0C,0x00,0x7E,0x01,0x02,0x00,0x7E,
  10          0x01,0x02,0x00,0x3E,0x41,0x41,0x3E,0x00,
  11          0x00,0xFD,0x00,0xFD,0x00,0x00,0x00,0x00,
  12          0x00,0x00,0x00,0x00,0x00,0x00,0x00,0x00,
  13          };
  14          
  15          unsigned char code i_love_HDU[] = //I LOVE HDU
  16          {
  17          0x00,0x00,0x00,0x00,0x00,0x00,0x00,0x00,
  18          0x81,0xFF,0x81,0x00,0x38,0x44,0x42,0x21,
  19          0x42,0x44,0x38,0x00,0x00,0xFF,0x10,0x10,
  20          0x10,0xFF,0x00,0xFF,0x81,0x81,0x42,0x3C,
  21          0x00,0xFE,0x01,0x01,0x01,0xFE,0x00,0x00,
  22          0x00,0x00,0x00,0x00,0x00,0x00,0x00,0x00,
  23          };
  24          unsigned char code i_love_asc[] =//I SUPER LOVE ASC
  25          {
  26          0x00,0x00,0x00,0x00,0x00,0x00,0x00,0x00, 
  27          0x81,0xFF,0x81,0x00,0x00,0x32,0x49,0x26,
  28          0x00,0x3C,0x02,0x02,0x3C,0x00,0x7F,0x48,
  29          0x30,0x00,0x1C,0x2A,0x2A,0x18,0x00,0x3E,
  30          0x10,0x20,0x10,0x00,0x00,0x38,0x44,0x42,
  31          0x21,0x42,0x44,0x38,0x00,0x00,0x01,0x04,
  32          0x18,0x48,0xFF,0x00,0x72,0x89,0x89,0x66,
  33          0x00,0x7E,0x81,0x81,0x66,0x00,0x00,0x00,
  34          0x00,0x00,0x00,0x00,0x00,0x00,0x00,0x00, 
  35          };
  36          
  37          void main()
  38          {
  39   1          unsigned char i=0,setoff=0,cnt=0;
  40   1          MATRIXLED_Init();
  41   1        while(1)
  42   1          {
  43   2              for(i=0;i<8;i++)
  44   2              {
  45   3                  MatrixLED_ShowColumn(i,i_love_asc[i+setoff]);
  46   3              }
  47   2              cnt++;
  48   2              if(cnt==10)
  49   2              {
  50   3                  cnt=0;
  51   3                  setoff++;
  52   3              }
  53   2      
  54   2              if(setoff==72-8)
C51 COMPILER V9.60.7.0   MAIN                                                              10/08/2025 20:53:03 PAGE 2   

  55   2              {
  56   3                  setoff=0;
  57   3              }
  58   2          }
  59   1      }


MODULE INFORMATION:   STATIC OVERLAYABLE
   CODE SIZE        =     58    ----
   CONSTANT SIZE    =    168    ----
   XDATA SIZE       =   ----    ----
   PDATA SIZE       =   ----    ----
   DATA SIZE        =   ----       3
   IDATA SIZE       =   ----    ----
   BIT SIZE         =   ----    ----
END OF MODULE INFORMATION.


C51 COMPILATION COMPLETE.  0 WARNING(S),  0 ERROR(S)
